// Jest Snapshot v1, https://goo.gl/fbAQLP

exports[`client 1`] = `[Function]`;

exports[`mobilecoin 1`] = `
Object {
  "assignAddressForAccount": [Function],
  "buildGiftCode": [Function],
  "buildTransaction": [Function],
  "checkB58PaymentRequest": [Function],
  "checkGiftCodeStatus": [Function],
  "claimGiftCode": [Function],
  "createAccount": [Function],
  "createReceiverReceipts": [Function],
  "exportAccountSecrets": [Function],
  "getAccount": [Function],
  "getAccountStatus": [Function],
  "getAllAccounts": [Function],
  "getAllAddressesForAccount": [Function],
  "getAllGiftCodes": [Function],
  "getAllTransactionLogsForAccount": [Function],
  "getAllTxosForAccount": [Function],
  "getBalanceForAccount": [Function],
  "getConfirmations": [Function],
  "getGiftCode": [Function],
  "getNetworkStatus": [Function],
  "getTransactionLog": [Function],
  "getTxo": [Function],
  "getWalletStatus": [Function],
  "importAccount": [Function],
  "importLegacyAccount": [Function],
  "removeAccount": [Function],
  "removeGiftCode": [Function],
  "submitGiftCode": [Function],
  "submitTransaction": [Function],
  "updateAccountName": [Function],
  "validateConfirmation": [Function],
}
`;

exports[`works 1`] = `
Object {
  "assignAddressForAccount": [Function],
  "buildGiftCode": [Function],
  "buildTransaction": [Function],
  "checkB58PaymentRequest": [Function],
  "checkGiftCodeStatus": [Function],
  "claimGiftCode": [Function],
  "createAccount": [Function],
  "createReceiverReceipts": [Function],
  "exportAccountSecrets": [Function],
  "getAccount": [Function],
  "getAccountStatus": [Function],
  "getAllAccounts": [Function],
  "getAllAddressesForAccount": [Function],
  "getAllGiftCodes": [Function],
  "getAllTransactionLogsForAccount": [Function],
  "getAllTxosForAccount": [Function],
  "getBalanceForAccount": [Function],
  "getConfirmations": [Function],
  "getGiftCode": [Function],
  "getNetworkStatus": [Function],
  "getTransactionLog": [Function],
  "getTxo": [Function],
  "getWalletStatus": [Function],
  "importAccount": [Function],
  "importLegacyAccount": [Function],
  "removeAccount": [Function],
  "removeGiftCode": [Function],
  "submitGiftCode": [Function],
  "submitTransaction": [Function],
  "updateAccountName": [Function],
  "validateConfirmation": [Function],
}
`;
